Tail of the visits service log across the three lookups.

2026-08-28T18:48:22.343-04:00  INFO 23424 --- [visits-service] [           main] [                                                 ] o.s.c.n.eureka.InstanceInfoFactory       : Setting initial instance status as: STARTING
2026-08-28T18:48:22.358-04:00  INFO 23424 --- [visits-service] [           main] [                                                 ] com.netflix.discovery.DiscoveryClient    : Initializing Eureka in region us-east-1
2026-08-28T18:48:22.360-04:00  INFO 23424 --- [visits-service] [           main] [                                                 ] c.n.d.s.r.aws.ConfigClusterResolver      : Resolving eureka endpoints via configuration
2026-08-28T18:48:22.365-04:00  INFO 23424 --- [visits-service] [           main] [                                                 ] com.netflix.discovery.DiscoveryClient    : Disable delta property : false
2026-08-28T18:48:22.366-04:00  INFO 23424 --- [visits-service] [           main] [                                                 ] com.netflix.discovery.DiscoveryClient    : Single vip registry refresh property : null
2026-08-28T18:48:22.366-04:00  INFO 23424 --- [visits-service] [           main] [                                                 ] com.netflix.discovery.DiscoveryClient    : Force full registry fetch : false
2026-08-28T18:48:22.366-04:00  INFO 23424 --- [visits-service] [           main] [                                                 ] com.netflix.discovery.DiscoveryClient    : Application is null : false
2026-08-28T18:48:22.366-04:00  INFO 23424 --- [visits-service] [           main] [                                                 ] com.netflix.discovery.DiscoveryClient    : Registered Applications size is zero : true
2026-08-28T18:48:22.366-04:00  INFO 23424 --- [visits-service] [           main] [                                                 ] com.netflix.discovery.DiscoveryClient    : Application version is -1: true
2026-08-28T18:48:22.366-04:00  INFO 23424 --- [visits-service] [           main] [                                                 ] com.netflix.discovery.DiscoveryClient    : Getting all instance registry info from the eureka server
2026-08-28T18:48:22.531-04:00  INFO 23424 --- [visits-service] [           main] [                                                 ] com.netflix.discovery.DiscoveryClient    : The response status is 200
2026-08-28T18:48:22.532-04:00  INFO 23424 --- [visits-service] [           main] [                                                 ] com.netflix.discovery.DiscoveryClient    : Starting heartbeat executor: renew interval is: 30
2026-08-28T18:48:22.533-04:00  INFO 23424 --- [visits-service] [           main] [                                                 ] c.n.discovery.InstanceInfoReplicator     : InstanceInfoReplicator onDemand update allowed rate per min is 4
2026-08-28T18:48:22.534-04:00  INFO 23424 --- [visits-service] [           main] [                                                 ] com.netflix.discovery.DiscoveryClient    : Discovery Client initialized at timestamp 1787957302534 with initial instances count: 2
2026-08-28T18:48:22.538-04:00  INFO 23424 --- [visits-service] [           main] [                                                 ] o.s.c.n.e.s.EurekaServiceRegistry        : Registering application VISITS-SERVICE with eureka with status UP
2026-08-28T18:48:22.539-04:00  INFO 23424 --- [visits-service] [           main] [                                                 ] com.netflix.discovery.DiscoveryClient    : Saw local status change event StatusChangeEvent [timestamp=1787957302539, current=UP, previous=STARTING]
2026-08-28T18:48:22.540-04:00  INFO 23424 --- [visits-service] [foReplicator-%d] [                                                 ] com.netflix.discovery.DiscoveryClient    : DiscoveryClient_VISITS-SERVICE/visits-service:231dcab5-ea8e-4af0-9181-34a12063faef: registering service...
2026-08-28T18:48:22.545-04:00  INFO 23424 --- [visits-service] [           main] [                                                 ] o.s.boot.tomcat.TomcatWebServer          : Tomcat started on port 8082 (http) with context path '/'
2026-08-28T18:48:22.545-04:00  INFO 23424 --- [visits-service] [           main] [                                                 ] .s.c.n.e.s.EurekaAutoServiceRegistration : Updating port to 8082
2026-08-28T18:48:22.554-04:00  INFO 23424 --- [visits-service] [           main] [                                                 ] o.s.s.p.visits.VisitsServiceApplication  : Started VisitsServiceApplication in 4.078 seconds (process running for 4.384)
2026-08-28T18:48:22.561-04:00  INFO 23424 --- [visits-service] [foReplicator-%d] [                                                 ] com.netflix.discovery.DiscoveryClient    : DiscoveryClient_VISITS-SERVICE/visits-service:231dcab5-ea8e-4af0-9181-34a12063faef - registration status: 204
2026-08-28T18:48:24.134-04:00  INFO 23424 --- [visits-service] [nio-8082-exec-1] [                                                 ] o.a.c.c.C.[Tomcat].[localhost].[/]       : Initializing Spring DispatcherServlet 'dispatcherServlet'
2026-08-28T18:48:24.135-04:00  INFO 23424 --- [visits-service] [nio-8082-exec-1] [                                                 ] o.s.web.servlet.DispatcherServlet        : Initializing Servlet 'dispatcherServlet'
2026-08-28T18:48:24.136-04:00  INFO 23424 --- [visits-service] [nio-8082-exec-1] [                                                 ] o.s.web.servlet.DispatcherServlet        : Completed initialization in 1 ms
2026-08-28T18:48:44.612-04:00  INFO 23424 --- [visits-service] [nio-8082-exec-4] [6a92104c66aab5e48424fcf53f3c38bc-8424fcf53f3c38bc] o.s.s.p.visits.web.VisitResource         : Saving visit org.springframework.samples.petclinic.visits.model.Visit@5d0319dd
